Analysis & Synthesis report for SAT_accelerator
Sun Apr 02 14:20:05 2017
Quartus Prime Version 16.1.0 Build 196 10/24/2016 SJ Standard Edition


---------------------
; Table of Contents ;
---------------------
  1. Legal Notice
  2. Analysis & Synthesis Summary
  3. Analysis & Synthesis Settings
  4. Parallel Compilation
  5. Analysis & Synthesis Source Files Read
  6. Analysis & Synthesis Resource Usage Summary
  7. Analysis & Synthesis Resource Utilization by Entity
  8. General Register Statistics
  9. Inverted Register Statistics
 10. Parameter Settings for User Entity Instance: Top-level Entity: |SAT_accelerator_top
 11. Parameter Settings for User Entity Instance: SAT_synchronizer:SAT_sync
 12. Parameter Settings for User Entity Instance: SAT_accelerator:generate_blocks[0].SAT_acc
 13. Parameter Settings for User Entity Instance: SAT_accelerator:generate_blocks[1].SAT_acc
 14. Parameter Settings for User Entity Instance: SAT_accelerator:generate_blocks[2].SAT_acc
 15. Parameter Settings for User Entity Instance: SAT_accelerator:generate_blocks[3].SAT_acc
 16. Post-Synthesis Netlist Statistics for Top Partition
 17. Elapsed Time Per Partition
 18. Analysis & Synthesis Messages



----------------
; Legal Notice ;
----------------
Copyright (C) 2016  Intel Corporation. All rights reserved.
Your use of Intel Corporation's design tools, logic functions 
and other software and tools, and its AMPP partner logic 
functions, and any output files from any of the foregoing 
(including device programming or simulation files), and any 
associated documentation or information are expressly subject 
to the terms and conditions of the Intel Program License 
Subscription Agreement, the Intel Quartus Prime License Agreement,
the Intel MegaCore Function License Agreement, or other 
applicable license agreement, including, without limitation, 
that your use is for the sole purpose of programming logic 
devices manufactured by Intel and sold by Intel or its 
authorized distributors.  Please refer to the applicable 
agreement for further details.



+-------------------------------------------------------------------------------+
; Analysis & Synthesis Summary                                                  ;
+-----------------------------+-------------------------------------------------+
; Analysis & Synthesis Status ; Successful - Sun Apr 02 14:20:05 2017           ;
; Quartus Prime Version       ; 16.1.0 Build 196 10/24/2016 SJ Standard Edition ;
; Revision Name               ; SAT_accelerator                                 ;
; Top-level Entity Name       ; SAT_accelerator_top                             ;
; Family                      ; Arria 10                                        ;
; Logic utilization (in ALMs) ; N/A                                             ;
; Total registers             ; 11                                              ;
; Total pins                  ; 11                                              ;
; Total virtual pins          ; 0                                               ;
; Total block memory bits     ; 0                                               ;
; Total DSP Blocks            ; 0                                               ;
; Total HSSI RX channels      ; 0                                               ;
; Total HSSI TX channels      ; 0                                               ;
; Total PLLs                  ; 0                                               ;
+-----------------------------+-------------------------------------------------+


+----------------------------------------------------------------------------------------------------------------------------+
; Analysis & Synthesis Settings                                                                                              ;
+---------------------------------------------------------------------------------+---------------------+--------------------+
; Option                                                                          ; Setting             ; Default Value      ;
+---------------------------------------------------------------------------------+---------------------+--------------------+
; Device                                                                          ; 10AX115R4F40I3SG    ;                    ;
; Top-level entity name                                                           ; SAT_accelerator_top ; SAT_accelerator    ;
; Family name                                                                     ; Arria 10            ; Cyclone V          ;
; Maximum processors allowed for parallel compilation                             ; 2                   ;                    ;
; Iteration limit for constant Verilog loops                                      ; 500000              ; 5000               ;
; Type of Retiming Performed During Resynthesis                                   ; Full                ;                    ;
; Resynthesis Optimization Effort                                                 ; Normal              ;                    ;
; Physical Synthesis Level for Resynthesis                                        ; Normal              ;                    ;
; Use Generated Physical Constraints File                                         ; On                  ;                    ;
; Use smart compilation                                                           ; Off                 ; Off                ;
; Enable parallel Assembler and TimeQuest Timing Analyzer during compilation      ; On                  ; On                 ;
; Enable compact report table                                                     ; Off                 ; Off                ;
; Restructure Multiplexers                                                        ; Auto                ; Auto               ;
; MLAB Add Timing Constraints For Mixed-Port Feed-Through Mode Setting Don't Care ; Off                 ; Off                ;
; Create Debugging Nodes for IP Cores                                             ; Off                 ; Off                ;
; Preserve fewer node names                                                       ; On                  ; On                 ;
; OpenCore Plus hardware evaluation                                               ; Enable              ; Enable             ;
; Verilog Version                                                                 ; Verilog_2001        ; Verilog_2001       ;
; VHDL Version                                                                    ; VHDL_1993           ; VHDL_1993          ;
; State Machine Processing                                                        ; Auto                ; Auto               ;
; Safe State Machine                                                              ; Off                 ; Off                ;
; Extract Verilog State Machines                                                  ; On                  ; On                 ;
; Extract VHDL State Machines                                                     ; On                  ; On                 ;
; Ignore Verilog initial constructs                                               ; Off                 ; Off                ;
; Iteration limit for non-constant Verilog loops                                  ; 250                 ; 250                ;
; Add Pass-Through Logic to Inferred RAMs                                         ; On                  ; On                 ;
; Infer RAMs from Raw Logic                                                       ; On                  ; On                 ;
; Parallel Synthesis                                                              ; On                  ; On                 ;
; DSP Block Balancing                                                             ; Auto                ; Auto               ;
; NOT Gate Push-Back                                                              ; On                  ; On                 ;
; Power-Up Don't Care                                                             ; On                  ; On                 ;
; Remove Redundant Logic Cells                                                    ; Off                 ; Off                ;
; Remove Duplicate Registers                                                      ; On                  ; On                 ;
; Ignore CARRY Buffers                                                            ; Off                 ; Off                ;
; Ignore CASCADE Buffers                                                          ; Off                 ; Off                ;
; Ignore GLOBAL Buffers                                                           ; Off                 ; Off                ;
; Ignore ROW GLOBAL Buffers                                                       ; Off                 ; Off                ;
; Ignore LCELL Buffers                                                            ; Off                 ; Off                ;
; Ignore SOFT Buffers                                                             ; On                  ; On                 ;
; Limit AHDL Integers to 32 Bits                                                  ; Off                 ; Off                ;
; Optimization Technique                                                          ; Balanced            ; Balanced           ;
; Carry Chain Length                                                              ; 70                  ; 70                 ;
; Auto Carry Chains                                                               ; On                  ; On                 ;
; Auto Open-Drain Pins                                                            ; On                  ; On                 ;
; Perform WYSIWYG Primitive Resynthesis                                           ; Off                 ; Off                ;
; Auto ROM Replacement                                                            ; On                  ; On                 ;
; Auto RAM Replacement                                                            ; On                  ; On                 ;
; Auto DSP Block Replacement                                                      ; On                  ; On                 ;
; Auto Shift Register Replacement                                                 ; Auto                ; Auto               ;
; Allow Shift Register Merging across Hierarchies                                 ; Auto                ; Auto               ;
; Auto Clock Enable Replacement                                                   ; On                  ; On                 ;
; Strict RAM Replacement                                                          ; Off                 ; Off                ;
; Allow Synchronous Control Signals                                               ; On                  ; On                 ;
; Force Use of Synchronous Clear Signals                                          ; Off                 ; Off                ;
; Auto Resource Sharing                                                           ; Off                 ; Off                ;
; Allow Any RAM Size For Recognition                                              ; Off                 ; Off                ;
; Allow Any ROM Size For Recognition                                              ; Off                 ; Off                ;
; Allow Any Shift Register Size For Recognition                                   ; Off                 ; Off                ;
; Use LogicLock Constraints during Resource Balancing                             ; On                  ; On                 ;
; Ignore translate_off and synthesis_off directives                               ; Off                 ; Off                ;
; Timing-Driven Synthesis                                                         ; On                  ; On                 ;
; Report Parameter Settings                                                       ; On                  ; On                 ;
; Report Source Assignments                                                       ; On                  ; On                 ;
; Report Connectivity Checks                                                      ; On                  ; On                 ;
; Ignore Maximum Fan-Out Assignments                                              ; Off                 ; Off                ;
; Synchronization Register Chain Length                                           ; 3                   ; 3                  ;
; PowerPlay Power Optimization During Synthesis                                   ; Normal compilation  ; Normal compilation ;
; HDL message level                                                               ; Level2              ; Level2             ;
; Suppress Register Optimization Related Messages                                 ; Off                 ; Off                ;
; Number of Removed Registers Reported in Synthesis Report                        ; 5000                ; 5000               ;
; Number of Rows Reported in Synthesis Migration Checks                           ; 5000                ; 5000               ;
; Number of Swept Nodes Reported in Synthesis Report                              ; 5000                ; 5000               ;
; Number of Inverted Registers Reported in Synthesis Report                       ; 100                 ; 100                ;
; Clock MUX Protection                                                            ; On                  ; On                 ;
; Auto Gated Clock Conversion                                                     ; Off                 ; Off                ;
; Block Design Naming                                                             ; Auto                ; Auto               ;
; SDC constraint protection                                                       ; Off                 ; Off                ;
; Synthesis Effort                                                                ; Auto                ; Auto               ;
; Shift Register Replacement - Allow Asynchronous Clear Signal                    ; On                  ; On                 ;
; Analysis & Synthesis Message Level                                              ; Medium              ; Medium             ;
; Disable Register Merging Across Hierarchies                                     ; Auto                ; Auto               ;
; Resource Aware Inference For Block RAM                                          ; On                  ; On                 ;
; Automatic Parallel Synthesis                                                    ; On                  ; On                 ;
; Partial Reconfiguration Bitstream ID                                            ; Off                 ; Off                ;
; Disable DSP Negate Inferencing                                                  ; Off                 ; Off                ;
+---------------------------------------------------------------------------------+---------------------+--------------------+


+------------------------------------------+
; Parallel Compilation                     ;
+----------------------------+-------------+
; Processors                 ; Number      ;
+----------------------------+-------------+
; Number detected on machine ; 4           ;
; Maximum allowed            ; 2           ;
;                            ;             ;
; Average used               ; 1.00        ;
; Maximum used               ; 2           ;
;                            ;             ;
; Usage by Processor         ; % Time Used ;
;     Processor 1            ; 100.0%      ;
;     Processor 2            ;   0.0%      ;
+----------------------------+-------------+


+-----------------------------------------------------------------------------------------------------------------------------------------------------------------------------------------------------+
; Analysis & Synthesis Source Files Read                                                                                                                                                              ;
+----------------------------------+-----------------+------------------------------+-------------------------------------------------------------------------------------------------------+---------+
; File Name with User-Entered Path ; Used in Netlist ; File Type                    ; File Name with Absolute Path                                                                          ; Library ;
+----------------------------------+-----------------+------------------------------+-------------------------------------------------------------------------------------------------------+---------+
; SAT_accelerator.v                ; yes             ; User SystemVerilog HDL File  ; C:/Mahesh/University_of_Utah/Spring_2017/RA_Work/Arria_10/SAT_accelerator_basic/SAT_accelerator.v     ;         ;
; SAT_synchronizer.v               ; yes             ; User Verilog HDL File        ; C:/Mahesh/University_of_Utah/Spring_2017/RA_Work/Arria_10/SAT_accelerator_basic/SAT_synchronizer.v    ;         ;
; SAT_accelerator_top.v            ; yes             ; User Verilog HDL File        ; C:/Mahesh/University_of_Utah/Spring_2017/RA_Work/Arria_10/SAT_accelerator_basic/SAT_accelerator_top.v ;         ;
+----------------------------------+-----------------+------------------------------+-------------------------------------------------------------------------------------------------------+---------+


+---------------------------------------------------------+
; Analysis & Synthesis Resource Usage Summary             ;
+---------------------------------------------+-----------+
; Resource                                    ; Usage     ;
+---------------------------------------------+-----------+
; Estimate of Logic utilization (ALMs needed) ; 8         ;
;                                             ;           ;
; Combinational ALUT usage for logic          ; 12        ;
;     -- 7 input functions                    ; 0         ;
;     -- 6 input functions                    ; 2         ;
;     -- 5 input functions                    ; 1         ;
;     -- 4 input functions                    ; 3         ;
;     -- <=3 input functions                  ; 6         ;
;                                             ;           ;
; Dedicated logic registers                   ; 11        ;
;                                             ;           ;
; I/O pins                                    ; 11        ;
;                                             ;           ;
; Total DSP Blocks                            ; 0         ;
;     -- Total Fixed Point DSP Blocks         ; 0         ;
;     -- Total Floating Point DSP Blocks      ; 0         ;
;                                             ;           ;
; Maximum fan-out node                        ; clk~input ;
; Maximum fan-out                             ; 11        ;
; Total fan-out                               ; 90        ;
; Average fan-out                             ; 2.00      ;
+---------------------------------------------+-----------+


+-----------------------------------------------------------------------------------------------------------------------------------------------------------------------------------------------------------------------------------------------------------------+
; Analysis & Synthesis Resource Utilization by Entity                                                                                                                                                                                                             ;
+-------------------------------------------------+---------------------+---------------------------+-------------------+------------+------+--------------+-----------------------------------------------------------------+---------------------+--------------+
; Compilation Hierarchy Node                      ; Combinational ALUTs ; Dedicated Logic Registers ; Block Memory Bits ; DSP Blocks ; Pins ; Virtual Pins ; Full Hierarchy Name                                             ; Entity Name         ; Library Name ;
+-------------------------------------------------+---------------------+---------------------------+-------------------+------------+------+--------------+-----------------------------------------------------------------+---------------------+--------------+
; |SAT_accelerator_top                            ; 12 (1)              ; 11 (1)                    ; 0                 ; 0          ; 11   ; 0            ; |SAT_accelerator_top                                            ; SAT_accelerator_top ; work         ;
;    |SAT_accelerator:generate_blocks[0].SAT_acc| ; 2 (2)               ; 2 (2)                     ; 0                 ; 0          ; 0    ; 0            ; |SAT_accelerator_top|SAT_accelerator:generate_blocks[0].SAT_acc ; SAT_accelerator     ; work         ;
;    |SAT_accelerator:generate_blocks[1].SAT_acc| ; 2 (2)               ; 2 (2)                     ; 0                 ; 0          ; 0    ; 0            ; |SAT_accelerator_top|SAT_accelerator:generate_blocks[1].SAT_acc ; SAT_accelerator     ; work         ;
;    |SAT_accelerator:generate_blocks[2].SAT_acc| ; 3 (3)               ; 2 (2)                     ; 0                 ; 0          ; 0    ; 0            ; |SAT_accelerator_top|SAT_accelerator:generate_blocks[2].SAT_acc ; SAT_accelerator     ; work         ;
;    |SAT_accelerator:generate_blocks[3].SAT_acc| ; 2 (2)               ; 2 (2)                     ; 0                 ; 0          ; 0    ; 0            ; |SAT_accelerator_top|SAT_accelerator:generate_blocks[3].SAT_acc ; SAT_accelerator     ; work         ;
;    |SAT_synchronizer:SAT_sync|                  ; 2 (2)               ; 2 (2)                     ; 0                 ; 0          ; 0    ; 0            ; |SAT_accelerator_top|SAT_synchronizer:SAT_sync                  ; SAT_synchronizer    ; work         ;
+-------------------------------------------------+---------------------+---------------------------+-------------------+------------+------+--------------+-----------------------------------------------------------------+---------------------+--------------+
Note: For table entries with two numbers listed, the numbers in parentheses indicate the number of resources of the given type used by the specific entity alone. The numbers listed outside of parentheses indicate the total resources of the given type used by the specific entity and all of its sub-entities in the hierarchy.


+------------------------------------------------------+
; General Register Statistics                          ;
+----------------------------------------------+-------+
; Statistic                                    ; Value ;
+----------------------------------------------+-------+
; Total registers                              ; 11    ;
; Number of registers using Synchronous Clear  ; 0     ;
; Number of registers using Synchronous Load   ; 0     ;
; Number of registers using Asynchronous Clear ; 11    ;
; Number of registers using Asynchronous Load  ; 0     ;
; Number of registers using Clock Enable       ; 0     ;
; Number of registers using Preset             ; 0     ;
+----------------------------------------------+-------+


+-------------------------------------------------------------+
; Inverted Register Statistics                                ;
+---------------------------------------------------+---------+
; Inverted Register                                 ; Fan out ;
+---------------------------------------------------+---------+
; SAT_accelerator:generate_blocks[0].SAT_acc|outCNF ; 2       ;
; SAT_accelerator:generate_blocks[1].SAT_acc|outCNF ; 2       ;
; SAT_accelerator:generate_blocks[2].SAT_acc|outCNF ; 2       ;
; SAT_accelerator:generate_blocks[3].SAT_acc|outCNF ; 2       ;
; Total number of inverted registers = 4            ;         ;
+---------------------------------------------------+---------+


+-------------------------------------------------------------------------------------+
; Parameter Settings for User Entity Instance: Top-level Entity: |SAT_accelerator_top ;
+----------------+-------+------------------------------------------------------------+
; Parameter Name ; Value ; Type                                                       ;
+----------------+-------+------------------------------------------------------------+
; N              ; 4     ; Signed Integer                                             ;
+----------------+-------+------------------------------------------------------------+
Note: In order to hide this table in the UI and the text report file, please set the "Show Parameter Settings in Synthesis Report" option in "Analysis and Synthesis Settings -> More Settings" to "Off".


+------------------------------------------------------------------------+
; Parameter Settings for User Entity Instance: SAT_synchronizer:SAT_sync ;
+----------------+-------+-----------------------------------------------+
; Parameter Name ; Value ; Type                                          ;
+----------------+-------+-----------------------------------------------+
; RESET_SAT      ; 00    ; Unsigned Binary                               ;
; COMPUTE_CLAUSE ; 01    ; Unsigned Binary                               ;
; COMPUTE_CNF    ; 10    ; Unsigned Binary                               ;
; RESET_CLAUSE   ; 11    ; Unsigned Binary                               ;
+----------------+-------+-----------------------------------------------+
Note: In order to hide this table in the UI and the text report file, please set the "Show Parameter Settings in Synthesis Report" option in "Analysis and Synthesis Settings -> More Settings" to "Off".


+-----------------------------------------------------------------------------------------+
; Parameter Settings for User Entity Instance: SAT_accelerator:generate_blocks[0].SAT_acc ;
+----------------+-------+----------------------------------------------------------------+
; Parameter Name ; Value ; Type                                                           ;
+----------------+-------+----------------------------------------------------------------+
; truthVal       ; 0     ; Signed Integer                                                 ;
+----------------+-------+----------------------------------------------------------------+
Note: In order to hide this table in the UI and the text report file, please set the "Show Parameter Settings in Synthesis Report" option in "Analysis and Synthesis Settings -> More Settings" to "Off".


+-----------------------------------------------------------------------------------------+
; Parameter Settings for User Entity Instance: SAT_accelerator:generate_blocks[1].SAT_acc ;
+----------------+-------+----------------------------------------------------------------+
; Parameter Name ; Value ; Type                                                           ;
+----------------+-------+----------------------------------------------------------------+
; truthVal       ; 1     ; Signed Integer                                                 ;
+----------------+-------+----------------------------------------------------------------+
Note: In order to hide this table in the UI and the text report file, please set the "Show Parameter Settings in Synthesis Report" option in "Analysis and Synthesis Settings -> More Settings" to "Off".


+-----------------------------------------------------------------------------------------+
; Parameter Settings for User Entity Instance: SAT_accelerator:generate_blocks[2].SAT_acc ;
+----------------+-------+----------------------------------------------------------------+
; Parameter Name ; Value ; Type                                                           ;
+----------------+-------+----------------------------------------------------------------+
; truthVal       ; 2     ; Signed Integer                                                 ;
+----------------+-------+----------------------------------------------------------------+
Note: In order to hide this table in the UI and the text report file, please set the "Show Parameter Settings in Synthesis Report" option in "Analysis and Synthesis Settings -> More Settings" to "Off".


+-----------------------------------------------------------------------------------------+
; Parameter Settings for User Entity Instance: SAT_accelerator:generate_blocks[3].SAT_acc ;
+----------------+-------+----------------------------------------------------------------+
; Parameter Name ; Value ; Type                                                           ;
+----------------+-------+----------------------------------------------------------------+
; truthVal       ; 3     ; Signed Integer                                                 ;
+----------------+-------+----------------------------------------------------------------+
Note: In order to hide this table in the UI and the text report file, please set the "Show Parameter Settings in Synthesis Report" option in "Analysis and Synthesis Settings -> More Settings" to "Off".


+-----------------------------------------------------+
; Post-Synthesis Netlist Statistics for Top Partition ;
+-----------------------+-----------------------------+
; Type                  ; Count                       ;
+-----------------------+-----------------------------+
; boundary_port         ; 11                          ;
; twentynm_ff           ; 11                          ;
;     CLR               ; 11                          ;
; twentynm_lcell_comb   ; 12                          ;
;     normal            ; 12                          ;
;         2 data inputs ; 2                           ;
;         3 data inputs ; 4                           ;
;         4 data inputs ; 3                           ;
;         5 data inputs ; 1                           ;
;         6 data inputs ; 2                           ;
;                       ;                             ;
; Max LUT depth         ; 2.00                        ;
; Average LUT depth     ; 1.09                        ;
+-----------------------+-----------------------------+


+-------------------------------+
; Elapsed Time Per Partition    ;
+----------------+--------------+
; Partition Name ; Elapsed Time ;
+----------------+--------------+
; Top            ; 00:00:01     ;
+----------------+--------------+


+-------------------------------+
; Analysis & Synthesis Messages ;
+-------------------------------+
Info: *******************************************************************
Info: Running Quartus Prime Analysis & Synthesis
    Info: Version 16.1.0 Build 196 10/24/2016 SJ Standard Edition
    Info: Processing started: Sun Apr 02 14:19:45 2017
Info: Command: quartus_map --read_settings_files=on --write_settings_files=off SAT_accelerator -c SAT_accelerator
Info (20032): Parallel compilation is enabled and will use up to 2 processors
Info (12021): Found 1 design units, including 1 entities, in source file sat_accelerator.v
    Info (12023): Found entity 1: SAT_accelerator File: C:/Mahesh/University_of_Utah/Spring_2017/RA_Work/Arria_10/SAT_accelerator_basic/SAT_accelerator.v Line: 1
Info (12021): Found 1 design units, including 1 entities, in source file sat_synchronizer.v
    Info (12023): Found entity 1: SAT_synchronizer File: C:/Mahesh/University_of_Utah/Spring_2017/RA_Work/Arria_10/SAT_accelerator_basic/SAT_synchronizer.v Line: 1
Info (12021): Found 1 design units, including 1 entities, in source file sat_accelerator_top.v
    Info (12023): Found entity 1: SAT_accelerator_top File: C:/Mahesh/University_of_Utah/Spring_2017/RA_Work/Arria_10/SAT_accelerator_basic/SAT_accelerator_top.v Line: 3
Info (12127): Elaborating entity "SAT_accelerator_top" for the top level hierarchy
Info (12128): Elaborating entity "SAT_synchronizer" for hierarchy "SAT_synchronizer:SAT_sync" File: C:/Mahesh/University_of_Utah/Spring_2017/RA_Work/Arria_10/SAT_accelerator_basic/SAT_accelerator_top.v Line: 15
Info (12128): Elaborating entity "SAT_accelerator" for hierarchy "SAT_accelerator:generate_blocks[0].SAT_acc" File: C:/Mahesh/University_of_Utah/Spring_2017/RA_Work/Arria_10/SAT_accelerator_basic/SAT_accelerator_top.v Line: 21
Info (12128): Elaborating entity "SAT_accelerator" for hierarchy "SAT_accelerator:generate_blocks[1].SAT_acc" File: C:/Mahesh/University_of_Utah/Spring_2017/RA_Work/Arria_10/SAT_accelerator_basic/SAT_accelerator_top.v Line: 21
Info (12128): Elaborating entity "SAT_accelerator" for hierarchy "SAT_accelerator:generate_blocks[2].SAT_acc" File: C:/Mahesh/University_of_Utah/Spring_2017/RA_Work/Arria_10/SAT_accelerator_basic/SAT_accelerator_top.v Line: 21
Info (12128): Elaborating entity "SAT_accelerator" for hierarchy "SAT_accelerator:generate_blocks[3].SAT_acc" File: C:/Mahesh/University_of_Utah/Spring_2017/RA_Work/Arria_10/SAT_accelerator_basic/SAT_accelerator_top.v Line: 21
Info (286030): Timing-Driven Synthesis is running
Info (21057): Implemented 25 device resources after synthesis - the final resource count might be different
    Info (21058): Implemented 10 input pins
    Info (21059): Implemented 1 output pins
    Info (21061): Implemented 14 logic cells
Info: Quartus Prime Analysis & Synthesis was successful. 0 errors, 0 warnings
    Info: Peak virtual memory: 680 megabytes
    Info: Processing ended: Sun Apr 02 14:20:05 2017
    Info: Elapsed time: 00:00:20
    Info: Total CPU time (on all processors): 00:00:43


